// Jest Snapshot v1, https://goo.gl/fbAQLP

exports[`Should AddExpensePage render correctly 1`] = `
<div>
  <ExpenseForm
    onSubmit={[Function]}
  />
</div>
`;
