// Jest Snapshot v1, https://goo.gl/fbAQLP

exports[`Should EditExpensePage render correctly 1`] = `
<div>
  <ExpenseForm
    expense={
      Object {
        "amount": 5,
        "createAt": 0,
        "description": "galaxy note 9",
        "id": "1",
        "note": "",
      }
    }
    onSubmit={[Function]}
  />
  <button
    onClick={[Function]}
  >
    Remove
  </button>
</div>
`;
