// Jest Snapshot v1, https://goo.gl/fbAQLP

exports[`Should Header Component render correctly 1`] = `
<header>
  <h1>
    Expensify
  </h1>
  <ul>
    <li>
       
      <NavLink
        activeClassName="is-active"
        ariaCurrent="true"
        exact={true}
        to="/"
      >
        Home
      </NavLink>
       
    </li>
    <li>
       
      <NavLink
        activeClassName="is-active"
        ariaCurrent="true"
        exact={true}
        to="/create"
      >
        Create Expense Page
      </NavLink>
       
    </li>
    <li>
       
      <NavLink
        activeClassName="is-active"
        ariaCurrent="true"
        exact={true}
        to="/help"
      >
        Help Page
      </NavLink>
       
    </li>
  </ul>
</header>
`;
